  Determining projects to restore...
  All projects are up-to-date for restore.
C:\Users\Regin\source\repos\se-hr-employee-portal\Data\ApplicationDbContext.cs(17,22): error CS0246: The type or namespace name 'SystemSetting' could not be found (are you missing a using directive or an assembly reference?) [C:\Users\Regin\source\repos\se-hr-employee-portal\SeHrEmployeePortal.csproj]

Build FAILED.

C:\Users\Regin\source\repos\se-hr-employee-portal\Data\ApplicationDbContext.cs(17,22): error CS0246: The type or namespace name 'SystemSetting' could not be found (are you missing a using directive or an assembly reference?) [C:\Users\Regin\source\repos\se-hr-employee-portal\SeHrEmployeePortal.csproj]
    0 Warning(s)
    1 Error(s)

Time Elapsed 00:00:01.65
